Analysis & Synthesis report for Mod_Teste
Wed Apr 03 10:36:19 2024
Quartus II 64-Bit Version 13.0.1 Build 232 06/12/2013 Service Pack 1 SJ Web Edition


---------------------
; Table of Contents ;
---------------------
  1. Legal Notice
  2. Analysis & Synthesis Summary
  3. Analysis & Synthesis Settings
  4. Parallel Compilation
  5. Analysis & Synthesis Source Files Read
  6. Analysis & Synthesis Resource Usage Summary
  7. Analysis & Synthesis Resource Utilization by Entity
  8. State Machine - |Mod_Teste|LCD_TEST:MyLCD|mLCD_ST
  9. State Machine - |Mod_Teste|LCD_TEST:MyLCD|LCD_Controller:u0|ST
 10. User-Specified and Inferred Latches
 11. Registers Removed During Synthesis
 12. General Register Statistics
 13. Multiplexer Restructuring Statistics (Restructuring Performed)
 14. Parameter Settings for User Entity Instance: LCD_TEST:MyLCD
 15. Parameter Settings for User Entity Instance: LCD_TEST:MyLCD|LCD_Controller:u0
 16. Parameter Settings for User Entity Instance: DECOD_4x7:myDecod00
 17. Parameter Settings for User Entity Instance: DECOD_4x7:myDecod01
 18. Parameter Settings for User Entity Instance: DECOD_4x7:myDecod02
 19. Parameter Settings for User Entity Instance: DECOD_4x7:myDecod03
 20. Parameter Settings for User Entity Instance: DECOD_4x7:myDecod04
 21. Parameter Settings for User Entity Instance: DECOD_4x7:myDecod05
 22. Parameter Settings for User Entity Instance: DECOD_4x7:myDecod06
 23. Parameter Settings for User Entity Instance: DECOD_4x7:myDecod07
 24. Parameter Settings for User Entity Instance: MUX_2X1:MuxULASrc
 25. Parameter Settings for User Entity Instance: MUX_4X1:MuxImmSrc
 26. Parameter Settings for User Entity Instance: MUX_2X1:MuxResSrc
 27. Parameter Settings for User Entity Instance: MUX_2X1:MuxPCSrc
 28. Port Connectivity Checks: "MUX_4X1:MuxImmSrc"
 29. Port Connectivity Checks: "register_8BITS:myReg"
 30. Port Connectivity Checks: "DECOD_4x7:myDecod07"
 31. Port Connectivity Checks: "DECOD_4x7:myDecod06"
 32. Port Connectivity Checks: "DECOD_4x7:myDecod05"
 33. Port Connectivity Checks: "DECOD_4x7:myDecod04"
 34. Port Connectivity Checks: "DECOD_4x7:myDecod03"
 35. Port Connectivity Checks: "DECOD_4x7:myDecod02"
 36. Port Connectivity Checks: "DECOD_4x7:myDecod01"
 37. Port Connectivity Checks: "DECOD_4x7:myDecod00"
 38. Elapsed Time Per Partition
 39. Analysis & Synthesis Messages



----------------
; Legal Notice ;
----------------
Copyright (C) 1991-2013 Altera Corporation
Your use of Altera Corporation's design tools, logic functions 
and other software and tools, and its AMPP partner logic 
functions, and any output files from any of the foregoing 
(including device programming or simulation files), and any 
associated documentation or information are expressly subject 
to the terms and conditions of the Altera Program License 
Subscription Agreement, Altera MegaCore Function License 
Agreement, or other applicable license agreement, including, 
without limitation, that your use is for the sole purpose of 
programming logic devices manufactured by Altera and sold by 
Altera or its authorized distributors.  Please refer to the 
applicable agreement for further details.



+--------------------------------------------------------------------------------------+
; Analysis & Synthesis Summary                                                         ;
+------------------------------------+-------------------------------------------------+
; Analysis & Synthesis Status        ; Successful - Wed Apr 03 10:36:11 2024           ;
; Quartus II 64-Bit Version          ; 13.0.1 Build 232 06/12/2013 SP 1 SJ Web Edition ;
; Revision Name                      ; Mod_Teste                                       ;
; Top-level Entity Name              ; Mod_Teste                                       ;
; Family                             ; Cyclone II                                      ;
; Total logic elements               ; 4,286                                           ;
;     Total combinational functions  ; 2,197                                           ;
;     Dedicated logic registers      ; 2,191                                           ;
; Total registers                    ; 2191                                            ;
; Total pins                         ; 194                                             ;
; Total virtual pins                 ; 0                                               ;
; Total memory bits                  ; 0                                               ;
; Embedded Multiplier 9-bit elements ; 0                                               ;
; Total PLLs                         ; 0                                               ;
+------------------------------------+-------------------------------------------------+


+----------------------------------------------------------------------------------------------------------------------+
; Analysis & Synthesis Settings                                                                                        ;
+----------------------------------------------------------------------------+--------------------+--------------------+
; Option                                                                     ; Setting            ; Default Value      ;
+----------------------------------------------------------------------------+--------------------+--------------------+
; Device                                                                     ; EP2C35F672C6       ;                    ;
; Top-level entity name                                                      ; Mod_Teste          ; Mod_Teste          ;
; Family name                                                                ; Cyclone II         ; Cyclone IV GX      ;
; Use smart compilation                                                      ; Off                ; Off                ;
; Enable parallel Assembler and TimeQuest Timing Analyzer during compilation ; On                 ; On                 ;
; Enable compact report table                                                ; Off                ; Off                ;
; Restructure Multiplexers                                                   ; Auto               ; Auto               ;
; Create Debugging Nodes for IP Cores                                        ; Off                ; Off                ;
; Preserve fewer node names                                                  ; On                 ; On                 ;
; Disable OpenCore Plus hardware evaluation                                  ; Off                ; Off                ;
; Verilog Version                                                            ; Verilog_2001       ; Verilog_2001       ;
; VHDL Version                                                               ; VHDL_1993          ; VHDL_1993          ;
; State Machine Processing                                                   ; Auto               ; Auto               ;
; Safe State Machine                                                         ; Off                ; Off                ;
; Extract Verilog State Machines                                             ; On                 ; On                 ;
; Extract VHDL State Machines                                                ; On                 ; On                 ;
; Ignore Verilog initial constructs                                          ; Off                ; Off                ;
; Iteration limit for constant Verilog loops                                 ; 5000               ; 5000               ;
; Iteration limit for non-constant Verilog loops                             ; 250                ; 250                ;
; Add Pass-Through Logic to Inferred RAMs                                    ; On                 ; On                 ;
; Infer RAMs from Raw Logic                                                  ; On                 ; On                 ;
; Parallel Synthesis                                                         ; On                 ; On                 ;
; DSP Block Balancing                                                        ; Auto               ; Auto               ;
; NOT Gate Push-Back                                                         ; On                 ; On                 ;
; Power-Up Don't Care                                                        ; On                 ; On                 ;
; Remove Redundant Logic Cells                                               ; Off                ; Off                ;
; Remove Duplicate Registers                                                 ; On                 ; On                 ;
; Ignore CARRY Buffers                                                       ; Off                ; Off                ;
; Ignore CASCADE Buffers                                                     ; Off                ; Off                ;
; Ignore GLOBAL Buffers                                                      ; Off                ; Off                ;
; Ignore ROW GLOBAL Buffers                                                  ; Off                ; Off                ;
; Ignore LCELL Buffers                                                       ; Off                ; Off                ;
; Ignore SOFT Buffers                                                        ; On                 ; On                 ;
; Limit AHDL Integers to 32 Bits                                             ; Off                ; Off                ;
; Optimization Technique                                                     ; Balanced           ; Balanced           ;
; Carry Chain Length                                                         ; 70                 ; 70                 ;
; Auto Carry Chains                                                          ; On                 ; On                 ;
; Auto Open-Drain Pins                                                       ; On                 ; On                 ;
; Perform WYSIWYG Primitive Resynthesis                                      ; Off                ; Off                ;
; Auto ROM Replacement                                                       ; On                 ; On                 ;
; Auto RAM Replacement                                                       ; On                 ; On                 ;
; Auto Shift Register Replacement                                            ; Auto               ; Auto               ;
; Allow Shift Register Merging across Hierarchies                            ; Auto               ; Auto               ;
; Auto Clock Enable Replacement                                              ; On                 ; On                 ;
; Strict RAM Replacement                                                     ; Off                ; Off                ;
; Allow Synchronous Control Signals                                          ; On                 ; On                 ;
; Force Use of Synchronous Clear Signals                                     ; Off                ; Off                ;
; Auto RAM to Logic Cell Conversion                                          ; Off                ; Off                ;
; Auto Resource Sharing                                                      ; Off                ; Off                ;
; Allow Any RAM Size For Recognition                                         ; Off                ; Off                ;
; Allow Any ROM Size For Recognition                                         ; Off                ; Off                ;
; Allow Any Shift Register Size For Recognition                              ; Off                ; Off                ;
; Use LogicLock Constraints during Resource Balancing                        ; On                 ; On                 ;
; Ignore translate_off and synthesis_off directives                          ; Off                ; Off                ;
; Timing-Driven Synthesis                                                    ; Off                ; Off                ;
; Report Parameter Settings                                                  ; On                 ; On                 ;
; Report Source Assignments                                                  ; On                 ; On                 ;
; Report Connectivity Checks                                                 ; On                 ; On                 ;
; Ignore Maximum Fan-Out Assignments                                         ; Off                ; Off                ;
; Synchronization Register Chain Length                                      ; 2                  ; 2                  ;
; PowerPlay Power Optimization                                               ; Normal compilation ; Normal compilation ;
; HDL message level                                                          ; Level2             ; Level2             ;
; Suppress Register Optimization Related Messages                            ; Off                ; Off                ;
; Number of Removed Registers Reported in Synthesis Report                   ; 5000               ; 5000               ;
; Number of Swept Nodes Reported in Synthesis Report                         ; 5000               ; 5000               ;
; Number of Inverted Registers Reported in Synthesis Report                  ; 100                ; 100                ;
; Clock MUX Protection                                                       ; On                 ; On                 ;
; Auto Gated Clock Conversion                                                ; Off                ; Off                ;
; Block Design Naming                                                        ; Auto               ; Auto               ;
; SDC constraint protection                                                  ; Off                ; Off                ;
; Synthesis Effort                                                           ; Auto               ; Auto               ;
; Shift Register Replacement - Allow Asynchronous Clear Signal               ; On                 ; On                 ;
; Pre-Mapping Resynthesis Optimization                                       ; Off                ; Off                ;
; Analysis & Synthesis Message Level                                         ; Medium             ; Medium             ;
; Disable Register Merging Across Hierarchies                                ; Auto               ; Auto               ;
; Resource Aware Inference For Block RAM                                     ; On                 ; On                 ;
; Synthesis Seed                                                             ; 1                  ; 1                  ;
+----------------------------------------------------------------------------+--------------------+--------------------+


Parallel compilation was disabled, but you have multiple processors available. Enable parallel compilation to reduce compilation time.
+-------------------------------------+
; Parallel Compilation                ;
+----------------------------+--------+
; Processors                 ; Number ;
+----------------------------+--------+
; Number detected on machine ; 8      ;
; Maximum allowed            ; 1      ;
+----------------------------+--------+


+---------------------------------------------------------------------------------------------------------------------------------------------+
; Analysis & Synthesis Source Files Read                                                                                                      ;
+----------------------------------+-----------------+------------------------+-----------------------------------------------------+---------+
; File Name with User-Entered Path ; Used in Netlist ; File Type              ; File Name with Absolute Path                        ; Library ;
+----------------------------------+-----------------+------------------------+-----------------------------------------------------+---------+
; aux_files/paralel_out.v          ; yes             ; User Verilog HDL File  ; F:/lasd_usb/sprint_8/aux_files/paralel_out.v        ;         ;
; aux_files/paralel_in.v           ; yes             ; User Verilog HDL File  ; F:/lasd_usb/sprint_8/aux_files/paralel_in.v         ;         ;
; aux_files/Adder_Imm.v            ; yes             ; User Verilog HDL File  ; F:/lasd_usb/sprint_8/aux_files/Adder_Imm.v          ;         ;
; aux_files/MUX4x1.v               ; yes             ; User Verilog HDL File  ; F:/lasd_usb/sprint_8/aux_files/MUX4x1.v             ;         ;
; aux_files/AND_2X1.v              ; yes             ; User Verilog HDL File  ; F:/lasd_usb/sprint_8/aux_files/AND_2X1.v            ;         ;
; aux_files/data_memory.v          ; yes             ; User Verilog HDL File  ; F:/lasd_usb/sprint_8/aux_files/data_memory.v        ;         ;
; aux_files/Program_Counter.v      ; yes             ; User Verilog HDL File  ; F:/lasd_usb/sprint_8/aux_files/Program_Counter.v    ;         ;
; aux_files/Instruction_Memory.v   ; yes             ; User Verilog HDL File  ; F:/lasd_usb/sprint_8/aux_files/Instruction_Memory.v ;         ;
; aux_files/Control_Unit.v         ; yes             ; User Verilog HDL File  ; F:/lasd_usb/sprint_8/aux_files/Control_Unit.v       ;         ;
; aux_files/Adder.v                ; yes             ; User Verilog HDL File  ; F:/lasd_usb/sprint_8/aux_files/Adder.v              ;         ;
; aux_files/ULA.v                  ; yes             ; User Verilog HDL File  ; F:/lasd_usb/sprint_8/aux_files/ULA.v                ;         ;
; aux_files/register.v             ; yes             ; User Verilog HDL File  ; F:/lasd_usb/sprint_8/aux_files/register.v           ;         ;
; aux_files/div_freq.v             ; yes             ; User Verilog HDL File  ; F:/lasd_usb/sprint_8/aux_files/div_freq.v           ;         ;
; aux_files/DECODIFICADOR.v        ; yes             ; User Verilog HDL File  ; F:/lasd_usb/sprint_8/aux_files/DECODIFICADOR.v      ;         ;
; aux_files/MUX_2X1_file.v         ; yes             ; User Verilog HDL File  ; F:/lasd_usb/sprint_8/aux_files/MUX_2X1_file.v       ;         ;
; aux_files/Mod_Teste.v            ; yes             ; User Verilog HDL File  ; F:/lasd_usb/sprint_8/aux_files/Mod_Teste.v          ;         ;
; aux_files/LCD_TEST2.v            ; yes             ; User Verilog HDL File  ; F:/lasd_usb/sprint_8/aux_files/LCD_TEST2.v          ;         ;
; aux_files/LCD_Controller.v       ; yes             ; User Verilog HDL File  ; F:/lasd_usb/sprint_8/aux_files/LCD_Controller.v     ;         ;
+----------------------------------+-----------------+------------------------+-----------------------------------------------------+---------+


+------------------------------------------------------+
; Analysis & Synthesis Resource Usage Summary          ;
+---------------------------------------------+--------+
; Resource                                    ; Usage  ;
+---------------------------------------------+--------+
; Estimated Total logic elements              ; 4,286  ;
;                                             ;        ;
; Total combinational functions               ; 2197   ;
; Logic element usage by number of LUT inputs ;        ;
;     -- 4 input functions                    ; 1861   ;
;     -- 3 input functions                    ; 201    ;
;     -- <=2 input functions                  ; 135    ;
;                                             ;        ;
; Logic elements by mode                      ;        ;
;     -- normal mode                          ; 2053   ;
;     -- arithmetic mode                      ; 144    ;
;                                             ;        ;
; Total registers                             ; 2191   ;
;     -- Dedicated logic registers            ; 2191   ;
;     -- I/O registers                        ; 0      ;
;                                             ;        ;
; I/O pins                                    ; 194    ;
; Embedded Multiplier 9-bit elements          ; 0      ;
; Maximum fan-out node                        ; KEY[2] ;
; Maximum fan-out                             ; 2134   ;
; Total fan-out                               ; 17111  ;
; Average fan-out                             ; 3.73   ;
+---------------------------------------------+--------+


+--------------------------------------------------------------------------------------------------------------------------------------------------------------------------------------------------------------------------------+
; Analysis & Synthesis Resource Utilization by Entity                                                                                                                                                                            ;
+-----------------------------------------------+-------------------+--------------+-------------+--------------+---------+-----------+------+--------------+-----------------------------------------------------+--------------+
; Compilation Hierarchy Node                    ; LC Combinationals ; LC Registers ; Memory Bits ; DSP Elements ; DSP 9x9 ; DSP 18x18 ; Pins ; Virtual Pins ; Full Hierarchy Name                                 ; Library Name ;
+-----------------------------------------------+-------------------+--------------+-------------+--------------+---------+-----------+------+--------------+-----------------------------------------------------+--------------+
; |Mod_Teste                                    ; 2197 (1)          ; 2191 (0)     ; 0           ; 0            ; 0       ; 0         ; 194  ; 0            ; |Mod_Teste                                          ; work         ;
;    |ADDER_8:myadder8|                         ; 8 (8)             ; 0 (0)        ; 0           ; 0            ; 0       ; 0         ; 0    ; 0            ; |Mod_Teste|ADDER_8:myadder8                         ; work         ;
;    |AND2X1:myAND|                             ; 1 (1)             ; 0 (0)        ; 0           ; 0            ; 0       ; 0         ; 0    ; 0            ; |Mod_Teste|AND2X1:myAND                             ; work         ;
;    |CONTROL_UNIT:my_unit_control|             ; 24 (24)           ; 0 (0)        ; 0           ; 0            ; 0       ; 0         ; 0    ; 0            ; |Mod_Teste|CONTROL_UNIT:my_unit_control             ; work         ;
;    |DATA_MEMORY:my_data_memory|               ; 278 (278)         ; 2040 (2040)  ; 0           ; 0            ; 0       ; 0         ; 0    ; 0            ; |Mod_Teste|DATA_MEMORY:my_data_memory               ; work         ;
;    |DECOD_4x7:myDecod01|                      ; 7 (7)             ; 0 (0)        ; 0           ; 0            ; 0       ; 0         ; 0    ; 0            ; |Mod_Teste|DECOD_4x7:myDecod01                      ; work         ;
;    |DECOD_4x7:myDecod02|                      ; 7 (7)             ; 0 (0)        ; 0           ; 0            ; 0       ; 0         ; 0    ; 0            ; |Mod_Teste|DECOD_4x7:myDecod02                      ; work         ;
;    |DECOD_4x7:myDecod03|                      ; 2 (2)             ; 0 (0)        ; 0           ; 0            ; 0       ; 0         ; 0    ; 0            ; |Mod_Teste|DECOD_4x7:myDecod03                      ; work         ;
;    |DECOD_4x7:myDecod05|                      ; 7 (7)             ; 0 (0)        ; 0           ; 0            ; 0       ; 0         ; 0    ; 0            ; |Mod_Teste|DECOD_4x7:myDecod05                      ; work         ;
;    |DECOD_4x7:myDecod06|                      ; 1 (1)             ; 0 (0)        ; 0           ; 0            ; 0       ; 0         ; 0    ; 0            ; |Mod_Teste|DECOD_4x7:myDecod06                      ; work         ;
;    |DIV_freq:myDiv_freq|                      ; 45 (45)           ; 28 (28)      ; 0           ; 0            ; 0       ; 0         ; 0    ; 0            ; |Mod_Teste|DIV_freq:myDiv_freq                      ; work         ;
;    |INSTRUCTION_MEMORY:my_instruction_memory| ; 34 (34)           ; 0 (0)        ; 0           ; 0            ; 0       ; 0         ; 0    ; 0            ; |Mod_Teste|INSTRUCTION_MEMORY:my_instruction_memory ; work         ;
;    |LCD_TEST:MyLCD|                           ; 283 (262)         ; 51 (38)      ; 0           ; 0            ; 0       ; 0         ; 0    ; 0            ; |Mod_Teste|LCD_TEST:MyLCD                           ; work         ;
;       |LCD_Controller:u0|                     ; 21 (21)           ; 13 (13)      ; 0           ; 0            ; 0       ; 0         ; 0    ; 0            ; |Mod_Teste|LCD_TEST:MyLCD|LCD_Controller:u0         ; work         ;
;    |MUX_2X1:MuxResSrc|                        ; 1380 (1380)       ; 0 (0)        ; 0           ; 0            ; 0       ; 0         ; 0    ; 0            ; |Mod_Teste|MUX_2X1:MuxResSrc                        ; work         ;
;    |MUX_2X1:MuxULASrc|                        ; 8 (8)             ; 0 (0)        ; 0           ; 0            ; 0       ; 0         ; 0    ; 0            ; |Mod_Teste|MUX_2X1:MuxULASrc                        ; work         ;
;    |MUX_4X1:MuxImmSrc|                        ; 6 (6)             ; 0 (0)        ; 0           ; 0            ; 0       ; 0         ; 0    ; 0            ; |Mod_Teste|MUX_4X1:MuxImmSrc                        ; work         ;
;    |PROGRAM_COUNTER_8:my_program_counter|     ; 6 (6)             ; 8 (8)        ; 0           ; 0            ; 0       ; 0         ; 0    ; 0            ; |Mod_Teste|PROGRAM_COUNTER_8:my_program_counter     ; work         ;
;    |Parallel_IN:my_parall_in|                 ; 3 (3)             ; 0 (0)        ; 0           ; 0            ; 0       ; 0         ; 0    ; 0            ; |Mod_Teste|Parallel_IN:my_parall_in                 ; work         ;
;    |Parallel_OUT:my_parall_out|               ; 1 (1)             ; 8 (8)        ; 0           ; 0            ; 0       ; 0         ; 0    ; 0            ; |Mod_Teste|Parallel_OUT:my_parall_out               ; work         ;
;    |ULA:myULA|                                ; 37 (37)           ; 0 (0)        ; 0           ; 0            ; 0       ; 0         ; 0    ; 0            ; |Mod_Teste|ULA:myULA                                ; work         ;
;    |register_8BITS:myReg|                     ; 58 (58)           ; 56 (56)      ; 0           ; 0            ; 0       ; 0         ; 0    ; 0            ; |Mod_Teste|register_8BITS:myReg                     ; work         ;
+-----------------------------------------------+-------------------+--------------+-------------+--------------+---------+-----------+------+--------------+-----------------------------------------------------+--------------+
Note: For table entries with two numbers listed, the numbers in parentheses indicate the number of resources of the given type used by the specific entity alone. The numbers listed outside of parentheses indicate the total resources of the given type used by the specific entity and all of its sub-entities in the hierarchy.


Encoding Type:  One-Hot
+------------------------------------------------------------------------------------+
; State Machine - |Mod_Teste|LCD_TEST:MyLCD|mLCD_ST                                  ;
+----------------+----------------+----------------+----------------+----------------+
; Name           ; mLCD_ST.000011 ; mLCD_ST.000010 ; mLCD_ST.000001 ; mLCD_ST.000000 ;
+----------------+----------------+----------------+----------------+----------------+
; mLCD_ST.000000 ; 0              ; 0              ; 0              ; 0              ;
; mLCD_ST.000001 ; 0              ; 0              ; 1              ; 1              ;
; mLCD_ST.000010 ; 0              ; 1              ; 0              ; 1              ;
; mLCD_ST.000011 ; 1              ; 0              ; 0              ; 1              ;
+----------------+----------------+----------------+----------------+----------------+


Encoding Type:  One-Hot
+----------------------------------------------------------------+
; State Machine - |Mod_Teste|LCD_TEST:MyLCD|LCD_Controller:u0|ST ;
+-------+-------+-------+-------+--------------------------------+
; Name  ; ST.11 ; ST.10 ; ST.01 ; ST.00                          ;
+-------+-------+-------+-------+--------------------------------+
; ST.00 ; 0     ; 0     ; 0     ; 0                              ;
; ST.01 ; 0     ; 0     ; 1     ; 1                              ;
; ST.10 ; 0     ; 1     ; 0     ; 1                              ;
; ST.11 ; 1     ; 0     ; 0     ; 1                              ;
+-------+-------+-------+-------+--------------------------------+


+----------------------------------------------------------------------------------------------------------------------+
; User-Specified and Inferred Latches                                                                                  ;
+-----------------------------------------------------+---------------------------------------+------------------------+
; Latch Name                                          ; Latch Enable Signal                   ; Free of Timing Hazards ;
+-----------------------------------------------------+---------------------------------------+------------------------+
; CONTROL_UNIT:my_unit_control|ULAControl[0]          ; CONTROL_UNIT:my_unit_control|WideNor4 ; yes                    ;
; CONTROL_UNIT:my_unit_control|ULASrc                 ; CONTROL_UNIT:my_unit_control|WideNor4 ; yes                    ;
; CONTROL_UNIT:my_unit_control|ULAControl[1]          ; CONTROL_UNIT:my_unit_control|WideNor4 ; yes                    ;
; CONTROL_UNIT:my_unit_control|RegWrite               ; CONTROL_UNIT:my_unit_control|WideNor4 ; yes                    ;
; CONTROL_UNIT:my_unit_control|MemWrite               ; CONTROL_UNIT:my_unit_control|WideNor4 ; yes                    ;
; CONTROL_UNIT:my_unit_control|Branch                 ; CONTROL_UNIT:my_unit_control|WideNor4 ; yes                    ;
; CONTROL_UNIT:my_unit_control|ImmSrc[1]$latch        ; CONTROL_UNIT:my_unit_control|WideNor4 ; yes                    ;
; CONTROL_UNIT:my_unit_control|ImmSrc[1]_187          ; CONTROL_UNIT:my_unit_control|WideNor4 ; yes                    ;
; CONTROL_UNIT:my_unit_control|ImmSrc[0]$latch        ; CONTROL_UNIT:my_unit_control|WideNor4 ; yes                    ;
; CONTROL_UNIT:my_unit_control|ImmSrc[0]_172          ; CONTROL_UNIT:my_unit_control|WideNor4 ; yes                    ;
; CONTROL_UNIT:my_unit_control|ResultSrc$latch        ; CONTROL_UNIT:my_unit_control|WideNor4 ; yes                    ;
; CONTROL_UNIT:my_unit_control|ResultSrc_150          ; CONTROL_UNIT:my_unit_control|WideNor4 ; yes                    ;
; Number of user-specified and inferred latches = 12  ;                                       ;                        ;
+-----------------------------------------------------+---------------------------------------+------------------------+
Note: All latches listed above may not be present at the end of synthesis due to various synthesis optimizations.


+-----------------------------------------------------------------------------------------------------+
; Registers Removed During Synthesis                                                                  ;
+-------------------------------------------+---------------------------------------------------------+
; Register name                             ; Reason for Removal                                      ;
+-------------------------------------------+---------------------------------------------------------+
; DATA_MEMORY:my_data_memory|register[0][0] ; Stuck at GND due to stuck port data_in                  ;
; DATA_MEMORY:my_data_memory|register[0][7] ; Stuck at GND due to stuck port data_in                  ;
; DATA_MEMORY:my_data_memory|register[0][6] ; Stuck at GND due to stuck port data_in                  ;
; DATA_MEMORY:my_data_memory|register[0][5] ; Stuck at GND due to stuck port data_in                  ;
; DATA_MEMORY:my_data_memory|register[0][4] ; Stuck at GND due to stuck port data_in                  ;
; DATA_MEMORY:my_data_memory|register[0][3] ; Stuck at GND due to stuck port data_in                  ;
; DATA_MEMORY:my_data_memory|register[0][2] ; Stuck at GND due to stuck port data_in                  ;
; DATA_MEMORY:my_data_memory|register[0][1] ; Stuck at GND due to stuck port data_in                  ;
; register_8BITS:myReg|register[0][0]       ; Stuck at GND due to stuck port data_in                  ;
; register_8BITS:myReg|register[0][7]       ; Stuck at GND due to stuck port data_in                  ;
; register_8BITS:myReg|register[0][6]       ; Stuck at GND due to stuck port data_in                  ;
; register_8BITS:myReg|register[0][5]       ; Stuck at GND due to stuck port data_in                  ;
; register_8BITS:myReg|register[0][4]       ; Stuck at GND due to stuck port data_in                  ;
; register_8BITS:myReg|register[0][3]       ; Stuck at GND due to stuck port data_in                  ;
; register_8BITS:myReg|register[0][2]       ; Stuck at GND due to stuck port data_in                  ;
; register_8BITS:myReg|register[0][1]       ; Stuck at GND due to stuck port data_in                  ;
; LCD_TEST:MyLCD|mLCD_ST~8                  ; Lost fanout                                             ;
; LCD_TEST:MyLCD|mLCD_ST~9                  ; Lost fanout                                             ;
; LCD_TEST:MyLCD|mLCD_ST~10                 ; Lost fanout                                             ;
; LCD_TEST:MyLCD|mLCD_ST~11                 ; Lost fanout                                             ;
; LCD_TEST:MyLCD|mLCD_ST~12                 ; Lost fanout                                             ;
; LCD_TEST:MyLCD|mLCD_ST~13                 ; Lost fanout                                             ;
; LCD_TEST:MyLCD|LCD_Controller:u0|ST~8     ; Lost fanout                                             ;
; LCD_TEST:MyLCD|LCD_Controller:u0|ST~9     ; Lost fanout                                             ;
; Parallel_OUT:my_parall_out|register[0]    ; Merged with DATA_MEMORY:my_data_memory|register[255][0] ;
; Parallel_OUT:my_parall_out|register[1]    ; Merged with DATA_MEMORY:my_data_memory|register[255][1] ;
; Parallel_OUT:my_parall_out|register[2]    ; Merged with DATA_MEMORY:my_data_memory|register[255][2] ;
; Parallel_OUT:my_parall_out|register[3]    ; Merged with DATA_MEMORY:my_data_memory|register[255][3] ;
; Parallel_OUT:my_parall_out|register[4]    ; Merged with DATA_MEMORY:my_data_memory|register[255][4] ;
; Parallel_OUT:my_parall_out|register[5]    ; Merged with DATA_MEMORY:my_data_memory|register[255][5] ;
; Parallel_OUT:my_parall_out|register[6]    ; Merged with DATA_MEMORY:my_data_memory|register[255][6] ;
; Parallel_OUT:my_parall_out|register[7]    ; Merged with DATA_MEMORY:my_data_memory|register[255][7] ;
; Total Number of Removed Registers = 32    ;                                                         ;
+-------------------------------------------+---------------------------------------------------------+


+------------------------------------------------------+
; General Register Statistics                          ;
+----------------------------------------------+-------+
; Statistic                                    ; Value ;
+----------------------------------------------+-------+
; Total registers                              ; 2191  ;
; Number of registers using Synchronous Clear  ; 23    ;
; Number of registers using Synchronous Load   ; 17    ;
; Number of registers using Asynchronous Clear ; 2182  ;
; Number of registers using Asynchronous Load  ; 0     ;
; Number of registers using Clock Enable       ; 2149  ;
; Number of registers using Preset             ; 0     ;
+----------------------------------------------+-------+


+-----------------------------------------------------------------------------------------------------------------------------------------------------------------+
; Multiplexer Restructuring Statistics (Restructuring Performed)                                                                                                  ;
+--------------------+-----------+---------------+----------------------+------------------------+------------+---------------------------------------------------+
; Multiplexer Inputs ; Bus Width ; Baseline Area ; Area if Restructured ; Saving if Restructured ; Registered ; Example Multiplexer Output                        ;
+--------------------+-----------+---------------+----------------------+------------------------+------------+---------------------------------------------------+
; 3:1                ; 2 bits    ; 4 LEs         ; 2 LEs                ; 2 LEs                  ; Yes        ; |Mod_Teste|LCD_TEST:MyLCD|LCD_Controller:u0|oDone ;
; 64:1               ; 5 bits    ; 210 LEs       ; 85 LEs               ; 125 LEs                ; Yes        ; |Mod_Teste|LCD_TEST:MyLCD|mLCD_DATA[0]            ;
; 4:1                ; 8 bits    ; 16 LEs        ; 16 LEs               ; 0 LEs                  ; No         ; |Mod_Teste|ULA:myULA|Mux1                         ;
; 4:1                ; 4 bits    ; 8 LEs         ; 8 LEs                ; 0 LEs                  ; No         ; |Mod_Teste|MUX_4X1:MuxImmSrc|Mux6                 ;
; 4:1                ; 8 bits    ; 16 LEs        ; 16 LEs               ; 0 LEs                  ; No         ; |Mod_Teste|register_8BITS:myReg|Mux6              ;
; 4:1                ; 2 bits    ; 4 LEs         ; 4 LEs                ; 0 LEs                  ; No         ; |Mod_Teste|LCD_TEST:MyLCD|Mux2                    ;
; 8:1                ; 8 bits    ; 40 LEs        ; 32 LEs               ; 8 LEs                  ; No         ; |Mod_Teste|register_8BITS:myReg|Mux9              ;
; 6:1                ; 2 bits    ; 8 LEs         ; 6 LEs                ; 2 LEs                  ; No         ; |Mod_Teste|LCD_TEST:MyLCD|Selector2               ;
; 258:1              ; 8 bits    ; 1376 LEs      ; 1368 LEs             ; 8 LEs                  ; No         ; |Mod_Teste|MUX_2X1:MuxResSrc|out_mux[6]           ;
+--------------------+-----------+---------------+----------------------+------------------------+------------+---------------------------------------------------+


+-------------------------------------------------------------+
; Parameter Settings for User Entity Instance: LCD_TEST:MyLCD ;
+----------------+-------+------------------------------------+
; Parameter Name ; Value ; Type                               ;
+----------------+-------+------------------------------------+
; LCD_INTIAL     ; 0     ; Signed Integer                     ;
; LCD_RESTART    ; 4     ; Signed Integer                     ;
; LCD_LINE1      ; 5     ; Signed Integer                     ;
; LCD_CH_LINE    ; 21    ; Signed Integer                     ;
; LCD_LINE2      ; 22    ; Signed Integer                     ;
; LUT_SIZE       ; 37    ; Signed Integer                     ;
+----------------+-------+------------------------------------+
Note: In order to hide this table in the UI and the text report file, please set the "Show Parameter Settings in Synthesis Report" option in "Analysis and Synthesis Settings -> More Settings" to "Off".


+-------------------------------------------------------------------------------+
; Parameter Settings for User Entity Instance: LCD_TEST:MyLCD|LCD_Controller:u0 ;
+----------------+-------+------------------------------------------------------+
; Parameter Name ; Value ; Type                                                 ;
+----------------+-------+------------------------------------------------------+
; CLK_Divide     ; 16    ; Signed Integer                                       ;
+----------------+-------+------------------------------------------------------+
Note: In order to hide this table in the UI and the text report file, please set the "Show Parameter Settings in Synthesis Report" option in "Analysis and Synthesis Settings -> More Settings" to "Off".


+------------------------------------------------------------------+
; Parameter Settings for User Entity Instance: DECOD_4x7:myDecod00 ;
+----------------+-------+-----------------------------------------+
; Parameter Name ; Value ; Type                                    ;
+----------------+-------+-----------------------------------------+
; BITS           ; 7     ; Signed Integer                          ;
+----------------+-------+-----------------------------------------+
Note: In order to hide this table in the UI and the text report file, please set the "Show Parameter Settings in Synthesis Report" option in "Analysis and Synthesis Settings -> More Settings" to "Off".


+------------------------------------------------------------------+
; Parameter Settings for User Entity Instance: DECOD_4x7:myDecod01 ;
+----------------+-------+-----------------------------------------+
; Parameter Name ; Value ; Type                                    ;
+----------------+-------+-----------------------------------------+
; BITS           ; 7     ; Signed Integer                          ;
+----------------+-------+-----------------------------------------+
Note: In order to hide this table in the UI and the text report file, please set the "Show Parameter Settings in Synthesis Report" option in "Analysis and Synthesis Settings -> More Settings" to "Off".


+------------------------------------------------------------------+
; Parameter Settings for User Entity Instance: DECOD_4x7:myDecod02 ;
+----------------+-------+-----------------------------------------+
; Parameter Name ; Value ; Type                                    ;
+----------------+-------+-----------------------------------------+
; BITS           ; 7     ; Signed Integer                          ;
+----------------+-------+-----------------------------------------+
Note: In order to hide this table in the UI and the text report file, please set the "Show Parameter Settings in Synthesis Report" option in "Analysis and Synthesis Settings -> More Settings" to "Off".


+------------------------------------------------------------------+
; Parameter Settings for User Entity Instance: DECOD_4x7:myDecod03 ;
+----------------+-------+-----------------------------------------+
; Parameter Name ; Value ; Type                                    ;
+----------------+-------+-----------------------------------------+
; BITS           ; 7     ; Signed Integer                          ;
+----------------+-------+-----------------------------------------+
Note: In order to hide this table in the UI and the text report file, please set the "Show Parameter Settings in Synthesis Report" option in "Analysis and Synthesis Settings -> More Settings" to "Off".


+------------------------------------------------------------------+
; Parameter Settings for User Entity Instance: DECOD_4x7:myDecod04 ;
+----------------+-------+-----------------------------------------+
; Parameter Name ; Value ; Type                                    ;
+----------------+-------+-----------------------------------------+
; BITS           ; 7     ; Signed Integer                          ;
+----------------+-------+-----------------------------------------+
Note: In order to hide this table in the UI and the text report file, please set the "Show Parameter Settings in Synthesis Report" option in "Analysis and Synthesis Settings -> More Settings" to "Off".


+------------------------------------------------------------------+
; Parameter Settings for User Entity Instance: DECOD_4x7:myDecod05 ;
+----------------+-------+-----------------------------------------+
; Parameter Name ; Value ; Type                                    ;
+----------------+-------+-----------------------------------------+
; BITS           ; 7     ; Signed Integer                          ;
+----------------+-------+-----------------------------------------+
Note: In order to hide this table in the UI and the text report file, please set the "Show Parameter Settings in Synthesis Report" option in "Analysis and Synthesis Settings -> More Settings" to "Off".


+------------------------------------------------------------------+
; Parameter Settings for User Entity Instance: DECOD_4x7:myDecod06 ;
+----------------+-------+-----------------------------------------+
; Parameter Name ; Value ; Type                                    ;
+----------------+-------+-----------------------------------------+
; BITS           ; 7     ; Signed Integer                          ;
+----------------+-------+-----------------------------------------+
Note: In order to hide this table in the UI and the text report file, please set the "Show Parameter Settings in Synthesis Report" option in "Analysis and Synthesis Settings -> More Settings" to "Off".


+------------------------------------------------------------------+
; Parameter Settings for User Entity Instance: DECOD_4x7:myDecod07 ;
+----------------+-------+-----------------------------------------+
; Parameter Name ; Value ; Type                                    ;
+----------------+-------+-----------------------------------------+
; BITS           ; 7     ; Signed Integer                          ;
+----------------+-------+-----------------------------------------+
Note: In order to hide this table in the UI and the text report file, please set the "Show Parameter Settings in Synthesis Report" option in "Analysis and Synthesis Settings -> More Settings" to "Off".


+----------------------------------------------------------------+
; Parameter Settings for User Entity Instance: MUX_2X1:MuxULASrc ;
+----------------+-------+---------------------------------------+
; Parameter Name ; Value ; Type                                  ;
+----------------+-------+---------------------------------------+
; BITS           ; 8     ; Signed Integer                        ;
+----------------+-------+---------------------------------------+
Note: In order to hide this table in the UI and the text report file, please set the "Show Parameter Settings in Synthesis Report" option in "Analysis and Synthesis Settings -> More Settings" to "Off".


+----------------------------------------------------------------+
; Parameter Settings for User Entity Instance: MUX_4X1:MuxImmSrc ;
+----------------+-------+---------------------------------------+
; Parameter Name ; Value ; Type                                  ;
+----------------+-------+---------------------------------------+
; BITS           ; 12    ; Signed Integer                        ;
+----------------+-------+---------------------------------------+
Note: In order to hide this table in the UI and the text report file, please set the "Show Parameter Settings in Synthesis Report" option in "Analysis and Synthesis Settings -> More Settings" to "Off".


+----------------------------------------------------------------+
; Parameter Settings for User Entity Instance: MUX_2X1:MuxResSrc ;
+----------------+-------+---------------------------------------+
; Parameter Name ; Value ; Type                                  ;
+----------------+-------+---------------------------------------+
; BITS           ; 8     ; Signed Integer                        ;
+----------------+-------+---------------------------------------+
Note: In order to hide this table in the UI and the text report file, please set the "Show Parameter Settings in Synthesis Report" option in "Analysis and Synthesis Settings -> More Settings" to "Off".


+---------------------------------------------------------------+
; Parameter Settings for User Entity Instance: MUX_2X1:MuxPCSrc ;
+----------------+-------+--------------------------------------+
; Parameter Name ; Value ; Type                                 ;
+----------------+-------+--------------------------------------+
; BITS           ; 8     ; Signed Integer                       ;
+----------------+-------+--------------------------------------+
Note: In order to hide this table in the UI and the text report file, please set the "Show Parameter Settings in Synthesis Report" option in "Analysis and Synthesis Settings -> More Settings" to "Off".


+-----------------------------------------------+
; Port Connectivity Checks: "MUX_4X1:MuxImmSrc" ;
+-------+-------+----------+--------------------+
; Port  ; Type  ; Severity ; Details            ;
+-------+-------+----------+--------------------+
; i2[0] ; Input ; Info     ; Stuck at GND       ;
+-------+-------+----------+--------------------+


+-------------------------------------------------------------------------------------------------------------------------------------------------------------------------------------------------------------------------+
; Port Connectivity Checks: "register_8BITS:myReg"                                                                                                                                                                        ;
+-------------------+-------+----------+----------------------------------------------------------------------------------------------------------------------------------------------------------------------------------+
; Port              ; Type  ; Severity ; Details                                                                                                                                                                          ;
+-------------------+-------+----------+----------------------------------------------------------------------------------------------------------------------------------------------------------------------------------+
; write_address     ; Input ; Warning  ; Input port expression (5 bits) is wider than the input port (3 bits) it drives.  The 2 most-significant bit(s) in the expression will be dangling if they have no other fanouts. ;
; register_address1 ; Input ; Warning  ; Input port expression (5 bits) is wider than the input port (4 bits) it drives.  The 1 most-significant bit(s) in the expression will be dangling if they have no other fanouts. ;
; register_address2 ; Input ; Warning  ; Input port expression (5 bits) is wider than the input port (4 bits) it drives.  The 1 most-significant bit(s) in the expression will be dangling if they have no other fanouts. ;
+-------------------+-------+----------+----------------------------------------------------------------------------------------------------------------------------------------------------------------------------------+


+----------------------------------------------------------------------------------------------------------------------------------------------------------------------------+
; Port Connectivity Checks: "DECOD_4x7:myDecod07"                                                                                                                            ;
+-----------+--------+----------+--------------------------------------------------------------------------------------------------------------------------------------------+
; Port      ; Type   ; Severity ; Details                                                                                                                                    ;
+-----------+--------+----------+--------------------------------------------------------------------------------------------------------------------------------------------+
; i0        ; Input  ; Warning  ; Input port expression (4 bits) is smaller than the input port (7 bits) it drives.  Extra input bit(s) "i0[6..4]" will be connected to GND. ;
; out_decod ; Output ; Warning  ; Output or bidir port (8 bits) is wider than the port expression (7 bits) it drives; bit(s) "out_decod[7..7]" have no fanouts               ;
+-----------+--------+----------+--------------------------------------------------------------------------------------------------------------------------------------------+


+----------------------------------------------------------------------------------------------------------------------------------------------------------------------------+
; Port Connectivity Checks: "DECOD_4x7:myDecod06"                                                                                                                            ;
+-----------+--------+----------+--------------------------------------------------------------------------------------------------------------------------------------------+
; Port      ; Type   ; Severity ; Details                                                                                                                                    ;
+-----------+--------+----------+--------------------------------------------------------------------------------------------------------------------------------------------+
; i0        ; Input  ; Warning  ; Input port expression (4 bits) is smaller than the input port (7 bits) it drives.  Extra input bit(s) "i0[6..4]" will be connected to GND. ;
; out_decod ; Output ; Warning  ; Output or bidir port (8 bits) is wider than the port expression (7 bits) it drives; bit(s) "out_decod[7..7]" have no fanouts               ;
+-----------+--------+----------+--------------------------------------------------------------------------------------------------------------------------------------------+


+----------------------------------------------------------------------------------------------------------------------------------------------------------------------------+
; Port Connectivity Checks: "DECOD_4x7:myDecod05"                                                                                                                            ;
+-----------+--------+----------+--------------------------------------------------------------------------------------------------------------------------------------------+
; Port      ; Type   ; Severity ; Details                                                                                                                                    ;
+-----------+--------+----------+--------------------------------------------------------------------------------------------------------------------------------------------+
; i0        ; Input  ; Warning  ; Input port expression (4 bits) is smaller than the input port (7 bits) it drives.  Extra input bit(s) "i0[6..4]" will be connected to GND. ;
; out_decod ; Output ; Warning  ; Output or bidir port (8 bits) is wider than the port expression (7 bits) it drives; bit(s) "out_decod[7..7]" have no fanouts               ;
+-----------+--------+----------+--------------------------------------------------------------------------------------------------------------------------------------------+


+----------------------------------------------------------------------------------------------------------------------------------------------------------------------------+
; Port Connectivity Checks: "DECOD_4x7:myDecod04"                                                                                                                            ;
+-----------+--------+----------+--------------------------------------------------------------------------------------------------------------------------------------------+
; Port      ; Type   ; Severity ; Details                                                                                                                                    ;
+-----------+--------+----------+--------------------------------------------------------------------------------------------------------------------------------------------+
; i0        ; Input  ; Warning  ; Input port expression (4 bits) is smaller than the input port (7 bits) it drives.  Extra input bit(s) "i0[6..4]" will be connected to GND. ;
; out_decod ; Output ; Warning  ; Output or bidir port (8 bits) is wider than the port expression (7 bits) it drives; bit(s) "out_decod[7..7]" have no fanouts               ;
+-----------+--------+----------+--------------------------------------------------------------------------------------------------------------------------------------------+


+----------------------------------------------------------------------------------------------------------------------------------------------------------------------------+
; Port Connectivity Checks: "DECOD_4x7:myDecod03"                                                                                                                            ;
+-----------+--------+----------+--------------------------------------------------------------------------------------------------------------------------------------------+
; Port      ; Type   ; Severity ; Details                                                                                                                                    ;
+-----------+--------+----------+--------------------------------------------------------------------------------------------------------------------------------------------+
; i0        ; Input  ; Warning  ; Input port expression (4 bits) is smaller than the input port (7 bits) it drives.  Extra input bit(s) "i0[6..4]" will be connected to GND. ;
; out_decod ; Output ; Warning  ; Output or bidir port (8 bits) is wider than the port expression (7 bits) it drives; bit(s) "out_decod[7..7]" have no fanouts               ;
+-----------+--------+----------+--------------------------------------------------------------------------------------------------------------------------------------------+


+----------------------------------------------------------------------------------------------------------------------------------------------------------------------------+
; Port Connectivity Checks: "DECOD_4x7:myDecod02"                                                                                                                            ;
+-----------+--------+----------+--------------------------------------------------------------------------------------------------------------------------------------------+
; Port      ; Type   ; Severity ; Details                                                                                                                                    ;
+-----------+--------+----------+--------------------------------------------------------------------------------------------------------------------------------------------+
; i0        ; Input  ; Warning  ; Input port expression (4 bits) is smaller than the input port (7 bits) it drives.  Extra input bit(s) "i0[6..4]" will be connected to GND. ;
; out_decod ; Output ; Warning  ; Output or bidir port (8 bits) is wider than the port expression (7 bits) it drives; bit(s) "out_decod[7..7]" have no fanouts               ;
+-----------+--------+----------+--------------------------------------------------------------------------------------------------------------------------------------------+


+----------------------------------------------------------------------------------------------------------------------------------------------------------------------------+
; Port Connectivity Checks: "DECOD_4x7:myDecod01"                                                                                                                            ;
+-----------+--------+----------+--------------------------------------------------------------------------------------------------------------------------------------------+
; Port      ; Type   ; Severity ; Details                                                                                                                                    ;
+-----------+--------+----------+--------------------------------------------------------------------------------------------------------------------------------------------+
; i0        ; Input  ; Warning  ; Input port expression (4 bits) is smaller than the input port (7 bits) it drives.  Extra input bit(s) "i0[6..4]" will be connected to GND. ;
; out_decod ; Output ; Warning  ; Output or bidir port (8 bits) is wider than the port expression (7 bits) it drives; bit(s) "out_decod[7..7]" have no fanouts               ;
+-----------+--------+----------+--------------------------------------------------------------------------------------------------------------------------------------------+


+----------------------------------------------------------------------------------------------------------------------------------------------------------------------------+
; Port Connectivity Checks: "DECOD_4x7:myDecod00"                                                                                                                            ;
+-----------+--------+----------+--------------------------------------------------------------------------------------------------------------------------------------------+
; Port      ; Type   ; Severity ; Details                                                                                                                                    ;
+-----------+--------+----------+--------------------------------------------------------------------------------------------------------------------------------------------+
; i0        ; Input  ; Warning  ; Input port expression (4 bits) is smaller than the input port (7 bits) it drives.  Extra input bit(s) "i0[6..4]" will be connected to GND. ;
; out_decod ; Output ; Warning  ; Output or bidir port (8 bits) is wider than the port expression (7 bits) it drives; bit(s) "out_decod[7..7]" have no fanouts               ;
+-----------+--------+----------+--------------------------------------------------------------------------------------------------------------------------------------------+


+-------------------------------+
; Elapsed Time Per Partition    ;
+----------------+--------------+
; Partition Name ; Elapsed Time ;
+----------------+--------------+
; Top            ; 00:00:14     ;
+----------------+--------------+


+-------------------------------+
; Analysis & Synthesis Messages ;
+-------------------------------+
Info: *******************************************************************
Info: Running Quartus II 64-Bit Analysis & Synthesis
    Info: Version 13.0.1 Build 232 06/12/2013 Service Pack 1 SJ Web Edition
    Info: Processing started: Wed Apr 03 10:34:47 2024
Info: Command: quartus_map --read_settings_files=on --write_settings_files=off Mod_Teste -c Mod_Teste
Warning (20028): Parallel compilation is not licensed and has been disabled
Info (12021): Found 1 design units, including 1 entities, in source file aux_files/paralel_out.v
    Info (12023): Found entity 1: Parallel_OUT
Info (12021): Found 1 design units, including 1 entities, in source file aux_files/paralel_in.v
    Info (12023): Found entity 1: Parallel_IN
Info (12021): Found 1 design units, including 1 entities, in source file aux_files/adder_imm.v
    Info (12023): Found entity 1: ADDER_8
Info (12021): Found 1 design units, including 1 entities, in source file aux_files/mux4x1.v
    Info (12023): Found entity 1: MUX_4X1
Info (12021): Found 1 design units, including 1 entities, in source file aux_files/and_2x1.v
    Info (12023): Found entity 1: AND2X1
Info (12021): Found 1 design units, including 1 entities, in source file aux_files/data_memory.v
    Info (12023): Found entity 1: DATA_MEMORY
Info (12021): Found 1 design units, including 1 entities, in source file aux_files/ula_tb.sv
    Info (12023): Found entity 1: ULA_TB
Info (12021): Found 1 design units, including 1 entities, in source file aux_files/program_counter.v
    Info (12023): Found entity 1: PROGRAM_COUNTER_8
Info (12021): Found 1 design units, including 1 entities, in source file aux_files/instruction_memory.v
    Info (12023): Found entity 1: INSTRUCTION_MEMORY
Info (12021): Found 1 design units, including 1 entities, in source file aux_files/control_unit.v
    Info (12023): Found entity 1: CONTROL_UNIT
Info (12021): Found 1 design units, including 1 entities, in source file aux_files/adder.v
    Info (12023): Found entity 1: ADDER_4
Info (12021): Found 1 design units, including 1 entities, in source file aux_files/mod_teste_ex.bdf
    Info (12023): Found entity 1: Mod_Teste_ex
Info (12021): Found 1 design units, including 1 entities, in source file aux_files/ula.v
    Info (12023): Found entity 1: ULA
Info (12021): Found 1 design units, including 1 entities, in source file aux_files/register.v
    Info (12023): Found entity 1: register_8BITS
Info (12021): Found 1 design units, including 1 entities, in source file aux_files/contador.v
    Info (12023): Found entity 1: cont_number
Info (12021): Found 1 design units, including 1 entities, in source file aux_files/div_freq.v
    Info (12023): Found entity 1: DIV_freq
Info (12021): Found 1 design units, including 1 entities, in source file aux_files/decodificador.v
    Info (12023): Found entity 1: DECOD_4x7
Info (12021): Found 1 design units, including 1 entities, in source file aux_files/mux_2x1_file.v
    Info (12023): Found entity 1: MUX_2X1
Info (12021): Found 1 design units, including 1 entities, in source file aux_files/mod_teste.v
    Info (12023): Found entity 1: Mod_Teste
Info (12021): Found 1 design units, including 1 entities, in source file aux_files/lcd_test2.v
    Info (12023): Found entity 1: LCD_TEST
Info (12021): Found 1 design units, including 1 entities, in source file aux_files/lcd_controller.v
    Info (12023): Found entity 1: LCD_Controller
Info (12127): Elaborating entity "Mod_Teste" for the top level hierarchy
Warning (10034): Output port "LEDG[5..1]" at Mod_Teste.v(10) has no driver
Warning (10034): Output port "LEDR[17..10]" at Mod_Teste.v(11) has no driver
Warning (10034): Output port "UART_TXD" at Mod_Teste.v(13) has no driver
Info (12128): Elaborating entity "LCD_TEST" for hierarchy "LCD_TEST:MyLCD"
Warning (10230): Verilog HDL assignment warning at LCD_TEST2.v(60): truncated value with size 32 to match size of target (18)
Warning (10230): Verilog HDL assignment warning at LCD_TEST2.v(69): truncated value with size 32 to match size of target (6)
Warning (10230): Verilog HDL assignment warning at LCD_TEST2.v(71): truncated value with size 32 to match size of target (6)
Info (12128): Elaborating entity "LCD_Controller" for hierarchy "LCD_TEST:MyLCD|LCD_Controller:u0"
Warning (10230): Verilog HDL assignment warning at LCD_Controller.v(66): truncated value with size 32 to match size of target (5)
Info (12128): Elaborating entity "DECOD_4x7" for hierarchy "DECOD_4x7:myDecod00"
Info (12128): Elaborating entity "register_8BITS" for hierarchy "register_8BITS:myReg"
Info (12128): Elaborating entity "MUX_2X1" for hierarchy "MUX_2X1:MuxULASrc"
Info (12128): Elaborating entity "MUX_4X1" for hierarchy "MUX_4X1:MuxImmSrc"
Warning (10230): Verilog HDL assignment warning at MUX4x1.v(15): truncated value with size 12 to match size of target (8)
Warning (10230): Verilog HDL assignment warning at MUX4x1.v(18): truncated value with size 12 to match size of target (8)
Warning (10230): Verilog HDL assignment warning at MUX4x1.v(21): truncated value with size 12 to match size of target (8)
Info (12128): Elaborating entity "ULA" for hierarchy "ULA:myULA"
Warning (10230): Verilog HDL assignment warning at ULA.v(16): truncated value with size 32 to match size of target (8)
Info (12128): Elaborating entity "CONTROL_UNIT" for hierarchy "CONTROL_UNIT:my_unit_control"
Warning (10240): Verilog HDL Always Construct warning at Control_Unit.v(20): inferring latch(es) for variable "RegWrite", which holds its previous value in one or more paths through the always construct
Warning (10240): Verilog HDL Always Construct warning at Control_Unit.v(20): inferring latch(es) for variable "ULASrc", which holds its previous value in one or more paths through the always construct
Warning (10240): Verilog HDL Always Construct warning at Control_Unit.v(20): inferring latch(es) for variable "ULAControl", which holds its previous value in one or more paths through the always construct
Warning (10240): Verilog HDL Always Construct warning at Control_Unit.v(20): inferring latch(es) for variable "ImmSrc", which holds its previous value in one or more paths through the always construct
Warning (10240): Verilog HDL Always Construct warning at Control_Unit.v(20): inferring latch(es) for variable "MemWrite", which holds its previous value in one or more paths through the always construct
Warning (10240): Verilog HDL Always Construct warning at Control_Unit.v(20): inferring latch(es) for variable "ResultSrc", which holds its previous value in one or more paths through the always construct
Warning (10240): Verilog HDL Always Construct warning at Control_Unit.v(20): inferring latch(es) for variable "Branch", which holds its previous value in one or more paths through the always construct
Info (10041): Inferred latch for "Branch" at Control_Unit.v(20)
Info (10041): Inferred latch for "ResultSrc" at Control_Unit.v(20)
Info (10041): Inferred latch for "MemWrite" at Control_Unit.v(20)
Info (10041): Inferred latch for "ImmSrc[0]" at Control_Unit.v(20)
Info (10041): Inferred latch for "ImmSrc[1]" at Control_Unit.v(20)
Info (10041): Inferred latch for "ULAControl[0]" at Control_Unit.v(20)
Info (10041): Inferred latch for "ULAControl[1]" at Control_Unit.v(20)
Info (10041): Inferred latch for "ULAControl[2]" at Control_Unit.v(20)
Info (10041): Inferred latch for "ULASrc" at Control_Unit.v(20)
Info (10041): Inferred latch for "RegWrite" at Control_Unit.v(20)
Info (12128): Elaborating entity "INSTRUCTION_MEMORY" for hierarchy "INSTRUCTION_MEMORY:my_instruction_memory"
Info (12128): Elaborating entity "ADDER_4" for hierarchy "ADDER_4:my_adder"
Info (12128): Elaborating entity "ADDER_8" for hierarchy "ADDER_8:myadder8"
Info (12128): Elaborating entity "PROGRAM_COUNTER_8" for hierarchy "PROGRAM_COUNTER_8:my_program_counter"
Info (12128): Elaborating entity "DATA_MEMORY" for hierarchy "DATA_MEMORY:my_data_memory"
Warning (10240): Verilog HDL Always Construct warning at data_memory.v(22): inferring latch(es) for variable "j", which holds its previous value in one or more paths through the always construct
Info (12128): Elaborating entity "DIV_freq" for hierarchy "DIV_freq:myDiv_freq"
Warning (10230): Verilog HDL assignment warning at div_freq.v(15): truncated value with size 32 to match size of target (27)
Info (12128): Elaborating entity "AND2X1" for hierarchy "AND2X1:myAND"
Info (12128): Elaborating entity "Parallel_OUT" for hierarchy "Parallel_OUT:my_parall_out"
Info (12128): Elaborating entity "Parallel_IN" for hierarchy "Parallel_IN:my_parall_in"
Warning (10240): Verilog HDL Always Construct warning at paralel_in.v(12): inferring latch(es) for variable "RegData", which holds its previous value in one or more paths through the always construct
Info (10041): Inferred latch for "RegData[0]" at paralel_in.v(15)
Info (10041): Inferred latch for "RegData[1]" at paralel_in.v(15)
Info (10041): Inferred latch for "RegData[2]" at paralel_in.v(15)
Info (10041): Inferred latch for "RegData[3]" at paralel_in.v(15)
Info (10041): Inferred latch for "RegData[4]" at paralel_in.v(15)
Info (10041): Inferred latch for "RegData[5]" at paralel_in.v(15)
Info (10041): Inferred latch for "RegData[6]" at paralel_in.v(15)
Info (10041): Inferred latch for "RegData[7]" at paralel_in.v(15)
Warning (12241): 9 hierarchies have connectivity warnings - see the Connectivity Checks report folder
Warning (13034): The following nodes have both tri-state and non-tri-state drivers
    Warning (13035): Inserted always-enabled tri-state buffer between "LCD_DATA[0]" and its non-tri-state driver.
    Warning (13035): Inserted always-enabled tri-state buffer between "LCD_DATA[1]" and its non-tri-state driver.
    Warning (13035): Inserted always-enabled tri-state buffer between "LCD_DATA[2]" and its non-tri-state driver.
    Warning (13035): Inserted always-enabled tri-state buffer between "LCD_DATA[3]" and its non-tri-state driver.
    Warning (13035): Inserted always-enabled tri-state buffer between "LCD_DATA[4]" and its non-tri-state driver.
    Warning (13035): Inserted always-enabled tri-state buffer between "LCD_DATA[5]" and its non-tri-state driver.
    Warning (13035): Inserted always-enabled tri-state buffer between "LCD_DATA[6]" and its non-tri-state driver.
    Warning (13035): Inserted always-enabled tri-state buffer between "LCD_DATA[7]" and its non-tri-state driver.
Warning (13046): Tri-state node(s) do not directly drive top-level pin(s)
    Warning (13047): Converted the fan-out from the tri-state buffer "CONTROL_UNIT:my_unit_control|ImmSrc[1]" to the node "MUX_4X1:MuxImmSrc|Mux2" into an OR gate
    Warning (13047): Converted the fan-out from the tri-state buffer "CONTROL_UNIT:my_unit_control|ImmSrc[0]" to the node "MUX_4X1:MuxImmSrc|Mux2" into an OR gate
    Warning (13047): Converted the fan-out from the tri-state buffer "CONTROL_UNIT:my_unit_control|ResultSrc" to the node "MUX_2X1:MuxResSrc|out_mux[0]" into an OR gate
Info (13025): Duplicate LATCH primitives merged into single LATCH primitive
    Info (13026): Duplicate LATCH primitive "CONTROL_UNIT:my_unit_control|ImmSrc[1]$latch" merged with LATCH primitive "CONTROL_UNIT:my_unit_control|ULAControl[0]"
    Info (13026): Duplicate LATCH primitive "CONTROL_UNIT:my_unit_control|Branch" merged with LATCH primitive "CONTROL_UNIT:my_unit_control|ULAControl[0]"
    Info (13026): Duplicate LATCH primitive "CONTROL_UNIT:my_unit_control|ResultSrc_150" merged with LATCH primitive "CONTROL_UNIT:my_unit_control|RegWrite"
    Info (13026): Duplicate LATCH primitive "CONTROL_UNIT:my_unit_control|ImmSrc[0]$latch" merged with LATCH primitive "CONTROL_UNIT:my_unit_control|MemWrite"
    Info (13026): Duplicate LATCH primitive "CONTROL_UNIT:my_unit_control|ImmSrc[0]_172" merged with LATCH primitive "CONTROL_UNIT:my_unit_control|ImmSrc[1]_187"
Warning (13012): Latch CONTROL_UNIT:my_unit_control|ULAControl[0] has unsafe behavior
    Warning (13013): Ports D and ENA on the latch are fed by the same signal CONTROL_UNIT:my_unit_control|WideNor3
Warning (13012): Latch CONTROL_UNIT:my_unit_control|ULASrc has unsafe behavior
    Warning (13013): Ports D and ENA on the latch are fed by the same signal CONTROL_UNIT:my_unit_control|WideNor0
Warning (13012): Latch CONTROL_UNIT:my_unit_control|ULAControl[1] has unsafe behavior
    Warning (13013): Ports D and ENA on the latch are fed by the same signal PROGRAM_COUNTER_8:my_program_counter|PC[0]
Warning (13012): Latch CONTROL_UNIT:my_unit_control|RegWrite has unsafe behavior
    Warning (13013): Ports D and ENA on the latch are fed by the same signal CONTROL_UNIT:my_unit_control|WideNor2
Warning (13012): Latch CONTROL_UNIT:my_unit_control|MemWrite has unsafe behavior
    Warning (13013): Ports D and ENA on the latch are fed by the same signal CONTROL_UNIT:my_unit_control|WideNor2
Warning (13012): Latch CONTROL_UNIT:my_unit_control|ImmSrc[1]_187 has unsafe behavior
    Warning (13013): Ports D and ENA on the latch are fed by the same signal PROGRAM_COUNTER_8:my_program_counter|PC[0]
Warning (13012): Latch CONTROL_UNIT:my_unit_control|ResultSrc$latch has unsafe behavior
    Warning (13013): Ports D and ENA on the latch are fed by the same signal CONTROL_UNIT:my_unit_control|WideNor1
Warning (13009): TRI or OPNDRN buffers permanently enabled
    Warning (13010): Node "LCD_DATA[0]~synth"
    Warning (13010): Node "LCD_DATA[1]~synth"
    Warning (13010): Node "LCD_DATA[2]~synth"
    Warning (13010): Node "LCD_DATA[3]~synth"
    Warning (13010): Node "LCD_DATA[4]~synth"
    Warning (13010): Node "LCD_DATA[5]~synth"
    Warning (13010): Node "LCD_DATA[6]~synth"
    Warning (13010): Node "LCD_DATA[7]~synth"
Warning (13024): Output pins are stuck at VCC or GND
    Warning (13410): Pin "HEX0[3]" is stuck at GND
    Warning (13410): Pin "HEX0[2]" is stuck at GND
    Warning (13410): Pin "HEX0[1]" is stuck at GND
    Warning (13410): Pin "HEX0[0]" is stuck at GND
    Warning (13410): Pin "HEX3[0]" is stuck at GND
    Warning (13410): Pin "HEX4[6]" is stuck at VCC
    Warning (13410): Pin "HEX4[2]" is stuck at GND
    Warning (13410): Pin "HEX4[1]" is stuck at GND
    Warning (13410): Pin "HEX7[5]" is stuck at GND
    Warning (13410): Pin "HEX7[4]" is stuck at GND
    Warning (13410): Pin "HEX7[0]" is stuck at GND
    Warning (13410): Pin "LEDG[1]" is stuck at GND
    Warning (13410): Pin "LEDG[2]" is stuck at GND
    Warning (13410): Pin "LEDG[3]" is stuck at GND
    Warning (13410): Pin "LEDG[4]" is stuck at GND
    Warning (13410): Pin "LEDG[5]" is stuck at GND
    Warning (13410): Pin "LEDR[2]" is stuck at GND
    Warning (13410): Pin "LEDR[10]" is stuck at GND
    Warning (13410): Pin "LEDR[11]" is stuck at GND
    Warning (13410): Pin "LEDR[12]" is stuck at GND
    Warning (13410): Pin "LEDR[13]" is stuck at GND
    Warning (13410): Pin "LEDR[14]" is stuck at GND
    Warning (13410): Pin "LEDR[15]" is stuck at GND
    Warning (13410): Pin "LEDR[16]" is stuck at GND
    Warning (13410): Pin "LEDR[17]" is stuck at GND
    Warning (13410): Pin "UART_TXD" is stuck at GND
    Warning (13410): Pin "LCD_ON" is stuck at VCC
    Warning (13410): Pin "LCD_BLON" is stuck at VCC
    Warning (13410): Pin "LCD_RW" is stuck at GND
Info (17049): 8 registers lost all their fanouts during netlist optimizations.
Info (16010): Generating hard_block partition "hard_block:auto_generated_inst"
    Info (16011): Adding 0 node(s), including 0 DDIO, 0 PLL, 0 transceiver and 0 LCELL
Warning (21074): Design contains 13 input pin(s) that do not drive logic
    Warning (15610): No output dependent on input pin "CLOCK_27"
    Warning (15610): No output dependent on input pin "KEY[3]"
    Warning (15610): No output dependent on input pin "SW[8]"
    Warning (15610): No output dependent on input pin "SW[9]"
    Warning (15610): No output dependent on input pin "SW[10]"
    Warning (15610): No output dependent on input pin "SW[11]"
    Warning (15610): No output dependent on input pin "SW[12]"
    Warning (15610): No output dependent on input pin "SW[13]"
    Warning (15610): No output dependent on input pin "SW[14]"
    Warning (15610): No output dependent on input pin "SW[15]"
    Warning (15610): No output dependent on input pin "SW[16]"
    Warning (15610): No output dependent on input pin "SW[17]"
    Warning (15610): No output dependent on input pin "UART_RXD"
Info (21057): Implemented 4496 device resources after synthesis - the final resource count might be different
    Info (21058): Implemented 25 input pins
    Info (21059): Implemented 89 output pins
    Info (21060): Implemented 80 bidirectional pins
    Info (21061): Implemented 4302 logic cells
Info: Quartus II 64-Bit Analysis & Synthesis was successful. 0 errors, 103 warnings
    Info: Peak virtual memory: 4614 megabytes
    Info: Processing ended: Wed Apr 03 10:36:26 2024
    Info: Elapsed time: 00:01:39
    Info: Total CPU time (on all processors): 00:00:12


