------------------------------------------------------------
TimeQuest Timing Analyzer Summary
------------------------------------------------------------

Type  : Slow Model Setup 'KEY[1]'
Slack : -6.526
TNS   : -333.071

Type  : Slow Model Setup 'CLOCK_50'
Slack : -3.342
TNS   : -81.331

Type  : Slow Model Hold 'CLOCK_50'
Slack : 0.391
TNS   : 0.000

Type  : Slow Model Hold 'KEY[1]'
Slack : 1.400
TNS   : 0.000

Type  : Slow Model Minimum Pulse Width 'CLOCK_50'
Slack : -1.380
TNS   : -52.380

Type  : Slow Model Minimum Pulse Width 'KEY[1]'
Slack : -1.222
TNS   : -57.222

Type  : Fast Model Setup 'KEY[1]'
Slack : -2.271
TNS   : -113.214

Type  : Fast Model Setup 'CLOCK_50'
Slack : -0.890
TNS   : -14.453

Type  : Fast Model Hold 'CLOCK_50'
Slack : 0.215
TNS   : 0.000

Type  : Fast Model Hold 'KEY[1]'
Slack : 0.600
TNS   : 0.000

Type  : Fast Model Minimum Pulse Width 'CLOCK_50'
Slack : -1.380
TNS   : -52.380

Type  : Fast Model Minimum Pulse Width 'KEY[1]'
Slack : -1.222
TNS   : -57.222

------------------------------------------------------------
